// Jest Snapshot v1, https://goo.gl/fbAQLP

exports[`AddTransaction Component renders correctly 1`] = `ShallowWrapper {}`;
