// Jest Snapshot v1, https://goo.gl/fbAQLP

exports[`Add Budget Dialog Box Component renders correctly 1`] = `ShallowWrapper {}`;
