// Jest Snapshot v1, https://goo.gl/fbAQLP

exports[`Amount Component renders correctly 1`] = `ShallowWrapper {}`;
