// Jest Snapshot v1, https://goo.gl/fbAQLP

exports[`Budget Metrics Card Component renders correctly 1`] = `ShallowWrapper {}`;
