// Jest Snapshot v1, https://goo.gl/fbAQLP

exports[`FeedCard Component renders correctly 1`] = `ShallowWrapper {}`;
