// Jest Snapshot v1, https://goo.gl/fbAQLP

exports[`LeftNavBar Component renders correctly 1`] = `ShallowWrapper {}`;
