// Jest Snapshot v1, https://goo.gl/fbAQLP

exports[`Pertext Component renders correctly 1`] = `ShallowWrapper {}`;
