// Jest Snapshot v1, https://goo.gl/fbAQLP

exports[`PriceCard Component renders correctly 1`] = `ShallowWrapper {}`;
