// Jest Snapshot v1, https://goo.gl/fbAQLP

exports[`Smtitle Component renders correctly 1`] = `ShallowWrapper {}`;
