// Jest Snapshot v1, https://goo.gl/fbAQLP

exports[`TopCard Component renders correctly 1`] = `ShallowWrapper {}`;
