// Jest Snapshot v1, https://goo.gl/fbAQLP

exports[`TransactionCard Component renders correctly 1`] = `ShallowWrapper {}`;
