// Jest Snapshot v1, https://goo.gl/fbAQLP

exports[`renders BankSelection correctly 1`] = `ShallowWrapper {}`;
