// Jest Snapshot v1, https://goo.gl/fbAQLP

exports[`BasicProfileTab Component renders correctly 1`] = `ShallowWrapper {}`;
