// Jest Snapshot v1, https://goo.gl/fbAQLP

exports[`ChangePassword Component renders correctly 1`] = `ShallowWrapper {}`;
