// Jest Snapshot v1, https://goo.gl/fbAQLP

exports[`HomePageHeader Component renders correctly 1`] = `ShallowWrapper {}`;
