// Jest Snapshot v1, https://goo.gl/fbAQLP

exports[`MenuList Component renders correctly 1`] = `ShallowWrapper {}`;
