// Jest Snapshot v1, https://goo.gl/fbAQLP

exports[`Navbar renders correctly navbar snap shot 1`] = `ShallowWrapper {}`;
