// Jest Snapshot v1, https://goo.gl/fbAQLP

exports[`SearchBar renders correctly SearchBar snap shot 1`] = `ShallowWrapper {}`;
