// Jest Snapshot v1, https://goo.gl/fbAQLP

exports[`SettingsPage Component renders correctly 1`] = `ShallowWrapper {}`;
