// Jest Snapshot v1, https://goo.gl/fbAQLP

exports[`Title Component renders correctly 1`] = `ShallowWrapper {}`;
